==226010== Memcheck, a memory error detector
==226010== Copyright (C) 2002-2017, and GNU GPL'd, by Julian Seward et al.
==226010== Using Valgrind-3.15.0 and LibVEX; rerun with -h for copyright info
==226010== Command: ./minishell
==226010== Parent PID: 225545
==226010== 
==226078== 
==226078== HEAP SUMMARY:
==226078==     in use at exit: 209,893 bytes in 370 blocks
==226078==   total heap usage: 672 allocs, 302 frees, 1,641,731 bytes allocated
==226078== 
==226078== 2 bytes in 1 blocks are definitely lost in loss record 1 of 74
==226078==    at 0x483B7F3: malloc (in /usr/lib/x86_64-linux-gnu/valgrind/vgpreload_memcheck-amd64-linux.so)
==226078==    by 0x110394: ft_itoa (ft_itoa.c:44)
==226078==    by 0x109735: ft_body_envshl (main.c:56)
==226078==    by 0x109831: init_env (main.c:76)
==226078==    by 0x1098C2: main (main.c:100)
==226078== 
==226078== LEAK SUMMARY:
==226078==    definitely lost: 2 bytes in 1 blocks
==226078==    indirectly lost: 0 bytes in 0 blocks
==226078==      possibly lost: 0 bytes in 0 blocks
==226078==    still reachable: 209,891 bytes in 369 blocks
==226078==         suppressed: 0 bytes in 0 blocks
==226078== Reachable blocks (those to which a pointer was found) are not shown.
==226078== To see them, rerun with: --leak-check=full --show-leak-kinds=all
==226078== 
==226078== For lists of detected and suppressed errors, rerun with: -s
==226078== ERROR SUMMARY: 1 errors from 1 contexts (suppressed: 0 from 0)
==226079== 
==226079== HEAP SUMMARY:
==226079==     in use at exit: 209,893 bytes in 370 blocks
==226079==   total heap usage: 759 allocs, 389 frees, 3,052,946 bytes allocated
==226079== 
==226079== 2 bytes in 1 blocks are definitely lost in loss record 1 of 74
==226079==    at 0x483B7F3: malloc (in /usr/lib/x86_64-linux-gnu/valgrind/vgpreload_memcheck-amd64-linux.so)
==226079==    by 0x110394: ft_itoa (ft_itoa.c:44)
==226079==    by 0x109735: ft_body_envshl (main.c:56)
==226079==    by 0x109831: init_env (main.c:76)
==226079==    by 0x1098C2: main (main.c:100)
==226079== 
==226079== LEAK SUMMARY:
==226079==    definitely lost: 2 bytes in 1 blocks
==226079==    indirectly lost: 0 bytes in 0 blocks
==226079==      possibly lost: 0 bytes in 0 blocks
==226079==    still reachable: 209,891 bytes in 369 blocks
==226079==         suppressed: 0 bytes in 0 blocks
==226079== Reachable blocks (those to which a pointer was found) are not shown.
==226079== To see them, rerun with: --leak-check=full --show-leak-kinds=all
==226079== 
==226079== For lists of detected and suppressed errors, rerun with: -s
==226079== ERROR SUMMARY: 1 errors from 1 contexts (suppressed: 0 from 0)
==226010== Invalid write of size 1
==226010==    at 0x10BFE8: ft_add_spaces (redirections_check.c:51)
==226010==    by 0x10C131: ft_check_redirections (redirections_check.c:82)
==226010==    by 0x10B84C: ft_spliter (spliter.c:97)
==226010==    by 0x109D74: ft_readline (parse.c:98)
==226010==    by 0x1098D8: main (main.c:102)
==226010==  Address 0x4df0c53 is 0 bytes after a block of size 3 alloc'd
==226010==    at 0x483B7F3: malloc (in /usr/lib/x86_64-linux-gnu/valgrind/vgpreload_memcheck-amd64-linux.so)
==226010==    by 0x10BF8E: ft_add_spaces (redirections_check.c:45)
==226010==    by 0x10C131: ft_check_redirections (redirections_check.c:82)
==226010==    by 0x10B84C: ft_spliter (spliter.c:97)
==226010==    by 0x109D74: ft_readline (parse.c:98)
==226010==    by 0x1098D8: main (main.c:102)
==226010== 
==226010== Invalid read of size 1
==226010==    at 0x110862: ft_strlen (ft_strlen.c:22)
==226010==    by 0x10AD8E: ft_strreplace (ft_strreplace.c:68)
==226010==    by 0x10C154: ft_check_redirections (redirections_check.c:84)
==226010==    by 0x10B84C: ft_spliter (spliter.c:97)
==226010==    by 0x109D74: ft_readline (parse.c:98)
==226010==    by 0x1098D8: main (main.c:102)
==226010==  Address 0x4df0c53 is 0 bytes after a block of size 3 alloc'd
==226010==    at 0x483B7F3: malloc (in /usr/lib/x86_64-linux-gnu/valgrind/vgpreload_memcheck-amd64-linux.so)
==226010==    by 0x10BF8E: ft_add_spaces (redirections_check.c:45)
==226010==    by 0x10C131: ft_check_redirections (redirections_check.c:82)
==226010==    by 0x10B84C: ft_spliter (spliter.c:97)
==226010==    by 0x109D74: ft_readline (parse.c:98)
==226010==    by 0x1098D8: main (main.c:102)
==226010== 
==226010== Invalid write of size 1
==226010==    at 0x10AD16: ft_make_new_string (ft_strreplace.c:50)
==226010==    by 0x10ADD8: ft_strreplace (ft_strreplace.c:73)
==226010==    by 0x10C154: ft_check_redirections (redirections_check.c:84)
==226010==    by 0x10B84C: ft_spliter (spliter.c:97)
==226010==    by 0x109D74: ft_readline (parse.c:98)
==226010==    by 0x1098D8: main (main.c:102)
==226010==  Address 0x4df0caa is 0 bytes after a block of size 10 alloc'd
==226010==    at 0x483B7F3: malloc (in /usr/lib/x86_64-linux-gnu/valgrind/vgpreload_memcheck-amd64-linux.so)
==226010==    by 0x10ADB3: ft_strreplace (ft_strreplace.c:70)
==226010==    by 0x10C154: ft_check_redirections (redirections_check.c:84)
==226010==    by 0x10B84C: ft_spliter (spliter.c:97)
==226010==    by 0x109D74: ft_readline (parse.c:98)
==226010==    by 0x1098D8: main (main.c:102)
==226010== 
==226010== Invalid read of size 1
==226010==    at 0x110862: ft_strlen (ft_strlen.c:22)
==226010==    by 0x10C170: ft_check_redirections (redirections_check.c:87)
==226010==    by 0x10B84C: ft_spliter (spliter.c:97)
==226010==    by 0x109D74: ft_readline (parse.c:98)
==226010==    by 0x1098D8: main (main.c:102)
==226010==  Address 0x4df0c53 is 0 bytes after a block of size 3 alloc'd
==226010==    at 0x483B7F3: malloc (in /usr/lib/x86_64-linux-gnu/valgrind/vgpreload_memcheck-amd64-linux.so)
==226010==    by 0x10BF8E: ft_add_spaces (redirections_check.c:45)
==226010==    by 0x10C131: ft_check_redirections (redirections_check.c:82)
==226010==    by 0x10B84C: ft_spliter (spliter.c:97)
==226010==    by 0x109D74: ft_readline (parse.c:98)
==226010==    by 0x1098D8: main (main.c:102)
==226010== 
==226129== 
==226129== HEAP SUMMARY:
==226129==     in use at exit: 209,995 bytes in 377 blocks
==226129==   total heap usage: 892 allocs, 515 frees, 4,628,928 bytes allocated
==226129== 
==226129== 2 bytes in 1 blocks are definitely lost in loss record 1 of 74
==226129==    at 0x483B7F3: malloc (in /usr/lib/x86_64-linux-gnu/valgrind/vgpreload_memcheck-amd64-linux.so)
==226129==    by 0x110394: ft_itoa (ft_itoa.c:44)
==226129==    by 0x109735: ft_body_envshl (main.c:56)
==226129==    by 0x109831: init_env (main.c:76)
==226129==    by 0x1098C2: main (main.c:100)
==226129== 
==226129== LEAK SUMMARY:
==226129==    definitely lost: 2 bytes in 1 blocks
==226129==    indirectly lost: 0 bytes in 0 blocks
==226129==      possibly lost: 0 bytes in 0 blocks
==226129==    still reachable: 209,993 bytes in 376 blocks
==226129==         suppressed: 0 bytes in 0 blocks
==226129== Reachable blocks (those to which a pointer was found) are not shown.
==226129== To see them, rerun with: --leak-check=full --show-leak-kinds=all
==226129== 
==226129== For lists of detected and suppressed errors, rerun with: -s
==226129== ERROR SUMMARY: 5 errors from 5 contexts (suppressed: 0 from 0)
==226130== 
==226130== HEAP SUMMARY:
==226130==     in use at exit: 209,995 bytes in 377 blocks
==226130==   total heap usage: 979 allocs, 602 frees, 6,040,143 bytes allocated
==226130== 
==226130== 2 bytes in 1 blocks are definitely lost in loss record 1 of 74
==226130==    at 0x483B7F3: malloc (in /usr/lib/x86_64-linux-gnu/valgrind/vgpreload_memcheck-amd64-linux.so)
==226130==    by 0x110394: ft_itoa (ft_itoa.c:44)
==226130==    by 0x109735: ft_body_envshl (main.c:56)
==226130==    by 0x109831: init_env (main.c:76)
==226130==    by 0x1098C2: main (main.c:100)
==226130== 
==226130== LEAK SUMMARY:
==226130==    definitely lost: 2 bytes in 1 blocks
==226130==    indirectly lost: 0 bytes in 0 blocks
==226130==      possibly lost: 0 bytes in 0 blocks
==226130==    still reachable: 209,993 bytes in 376 blocks
==226130==         suppressed: 0 bytes in 0 blocks
==226130== Reachable blocks (those to which a pointer was found) are not shown.
==226130== To see them, rerun with: --leak-check=full --show-leak-kinds=all
==226130== 
==226130== For lists of detected and suppressed errors, rerun with: -s
==226130== ERROR SUMMARY: 5 errors from 5 contexts (suppressed: 0 from 0)
==226188== 
==226188== HEAP SUMMARY:
==226188==     in use at exit: 210,062 bytes in 384 blocks
==226188==   total heap usage: 1,223 allocs, 839 frees, 7,616,805 bytes allocated
==226188== 
==226188== 2 bytes in 1 blocks are definitely lost in loss record 3 of 80
==226188==    at 0x483B7F3: malloc (in /usr/lib/x86_64-linux-gnu/valgrind/vgpreload_memcheck-amd64-linux.so)
==226188==    by 0x110394: ft_itoa (ft_itoa.c:44)
==226188==    by 0x109735: ft_body_envshl (main.c:56)
==226188==    by 0x109831: init_env (main.c:76)
==226188==    by 0x1098C2: main (main.c:100)
==226188== 
==226188== 6 bytes in 2 blocks are definitely lost in loss record 5 of 80
==226188==    at 0x483B7F3: malloc (in /usr/lib/x86_64-linux-gnu/valgrind/vgpreload_memcheck-amd64-linux.so)
==226188==    by 0x111C33: ft_strjoin2 (get_next_line_utils.c:35)
==226188==    by 0x111A0F: ft_read (get_next_line.c:45)
==226188==    by 0x111B65: get_next_line (get_next_line.c:87)
==226188==    by 0x10BD12: ft_create_herdoc_file (herdoc_utiles.c:92)
==226188==    by 0x10B9CA: ft_herdoc (herdoc.c:38)
==226188==    by 0x109DEF: ft_readline (parse.c:115)
==226188==    by 0x1098D8: main (main.c:102)
==226188== 
==226188== LEAK SUMMARY:
==226188==    definitely lost: 8 bytes in 3 blocks
==226188==    indirectly lost: 0 bytes in 0 blocks
==226188==      possibly lost: 0 bytes in 0 blocks
==226188==    still reachable: 210,054 bytes in 381 blocks
==226188==         suppressed: 0 bytes in 0 blocks
==226188== Reachable blocks (those to which a pointer was found) are not shown.
==226188== To see them, rerun with: --leak-check=full --show-leak-kinds=all
==226188== 
==226188== For lists of detected and suppressed errors, rerun with: -s
==226188== ERROR SUMMARY: 10 errors from 6 contexts (suppressed: 0 from 0)
==226200== 
==226200== HEAP SUMMARY:
==226200==     in use at exit: 210,061 bytes in 382 blocks
==226200==   total heap usage: 1,229 allocs, 847 frees, 9,060,593 bytes allocated
==226200== 
==226200== 2 bytes in 1 blocks are definitely lost in loss record 3 of 80
==226200==    at 0x483B7F3: malloc (in /usr/lib/x86_64-linux-gnu/valgrind/vgpreload_memcheck-amd64-linux.so)
==226200==    by 0x110394: ft_itoa (ft_itoa.c:44)
==226200==    by 0x109735: ft_body_envshl (main.c:56)
==226200==    by 0x109831: init_env (main.c:76)
==226200==    by 0x1098C2: main (main.c:100)
==226200== 
==226200== LEAK SUMMARY:
==226200==    definitely lost: 2 bytes in 1 blocks
==226200==    indirectly lost: 0 bytes in 0 blocks
==226200==      possibly lost: 0 bytes in 0 blocks
==226200==    still reachable: 210,059 bytes in 381 blocks
==226200==         suppressed: 0 bytes in 0 blocks
==226200== Reachable blocks (those to which a pointer was found) are not shown.
==226200== To see them, rerun with: --leak-check=full --show-leak-kinds=all
==226200== 
==226200== For lists of detected and suppressed errors, rerun with: -s
==226200== ERROR SUMMARY: 9 errors from 5 contexts (suppressed: 0 from 0)
==226238== 
==226238== HEAP SUMMARY:
==226238==     in use at exit: 210,560 bytes in 409 blocks
==226238==   total heap usage: 1,422 allocs, 1,013 frees, 10,670,492 bytes allocated
==226238== 
==226238== 2 bytes in 1 blocks are definitely lost in loss record 2 of 78
==226238==    at 0x483B7F3: malloc (in /usr/lib/x86_64-linux-gnu/valgrind/vgpreload_memcheck-amd64-linux.so)
==226238==    by 0x110394: ft_itoa (ft_itoa.c:44)
==226238==    by 0x109735: ft_body_envshl (main.c:56)
==226238==    by 0x109831: init_env (main.c:76)
==226238==    by 0x1098C2: main (main.c:100)
==226238== 
==226238== LEAK SUMMARY:
==226238==    definitely lost: 2 bytes in 1 blocks
==226238==    indirectly lost: 0 bytes in 0 blocks
==226238==      possibly lost: 0 bytes in 0 blocks
==226238==    still reachable: 210,558 bytes in 408 blocks
==226238==         suppressed: 0 bytes in 0 blocks
==226238== Reachable blocks (those to which a pointer was found) are not shown.
==226238== To see them, rerun with: --leak-check=full --show-leak-kinds=all
==226238== 
==226238== For lists of detected and suppressed errors, rerun with: -s
==226238== ERROR SUMMARY: 9 errors from 5 contexts (suppressed: 0 from 0)
==226239== 
==226239== HEAP SUMMARY:
==226239==     in use at exit: 210,560 bytes in 409 blocks
==226239==   total heap usage: 1,511 allocs, 1,102 frees, 12,114,526 bytes allocated
==226239== 
==226239== 2 bytes in 1 blocks are definitely lost in loss record 2 of 78
==226239==    at 0x483B7F3: malloc (in /usr/lib/x86_64-linux-gnu/valgrind/vgpreload_memcheck-amd64-linux.so)
==226239==    by 0x110394: ft_itoa (ft_itoa.c:44)
==226239==    by 0x109735: ft_body_envshl (main.c:56)
==226239==    by 0x109831: init_env (main.c:76)
==226239==    by 0x1098C2: main (main.c:100)
==226239== 
==226239== LEAK SUMMARY:
==226239==    definitely lost: 2 bytes in 1 blocks
==226239==    indirectly lost: 0 bytes in 0 blocks
==226239==      possibly lost: 0 bytes in 0 blocks
==226239==    still reachable: 210,558 bytes in 408 blocks
==226239==         suppressed: 0 bytes in 0 blocks
==226239== Reachable blocks (those to which a pointer was found) are not shown.
==226239== To see them, rerun with: --leak-check=full --show-leak-kinds=all
==226239== 
==226239== For lists of detected and suppressed errors, rerun with: -s
==226239== ERROR SUMMARY: 9 errors from 5 contexts (suppressed: 0 from 0)
==226240== 
==226240== HEAP SUMMARY:
==226240==     in use at exit: 210,560 bytes in 409 blocks
==226240==   total heap usage: 1,600 allocs, 1,191 frees, 13,558,560 bytes allocated
==226240== 
==226240== 2 bytes in 1 blocks are definitely lost in loss record 2 of 78
==226240==    at 0x483B7F3: malloc (in /usr/lib/x86_64-linux-gnu/valgrind/vgpreload_memcheck-amd64-linux.so)
==226240==    by 0x110394: ft_itoa (ft_itoa.c:44)
==226240==    by 0x109735: ft_body_envshl (main.c:56)
==226240==    by 0x109831: init_env (main.c:76)
==226240==    by 0x1098C2: main (main.c:100)
==226240== 
==226240== LEAK SUMMARY:
==226240==    definitely lost: 2 bytes in 1 blocks
==226240==    indirectly lost: 0 bytes in 0 blocks
==226240==      possibly lost: 0 bytes in 0 blocks
==226240==    still reachable: 210,558 bytes in 408 blocks
==226240==         suppressed: 0 bytes in 0 blocks
==226240== Reachable blocks (those to which a pointer was found) are not shown.
==226240== To see them, rerun with: --leak-check=full --show-leak-kinds=all
==226240== 
==226240== For lists of detected and suppressed errors, rerun with: -s
==226240== ERROR SUMMARY: 9 errors from 5 contexts (suppressed: 0 from 0)
==226241== 
==226241== HEAP SUMMARY:
==226241==     in use at exit: 210,560 bytes in 409 blocks
==226241==   total heap usage: 1,689 allocs, 1,280 frees, 15,002,594 bytes allocated
==226241== 
==226241== 2 bytes in 1 blocks are definitely lost in loss record 2 of 78
==226241==    at 0x483B7F3: malloc (in /usr/lib/x86_64-linux-gnu/valgrind/vgpreload_memcheck-amd64-linux.so)
==226241==    by 0x110394: ft_itoa (ft_itoa.c:44)
==226241==    by 0x109735: ft_body_envshl (main.c:56)
==226241==    by 0x109831: init_env (main.c:76)
==226241==    by 0x1098C2: main (main.c:100)
==226241== 
==226241== LEAK SUMMARY:
==226241==    definitely lost: 2 bytes in 1 blocks
==226241==    indirectly lost: 0 bytes in 0 blocks
==226241==      possibly lost: 0 bytes in 0 blocks
==226241==    still reachable: 210,558 bytes in 408 blocks
==226241==         suppressed: 0 bytes in 0 blocks
==226241== Reachable blocks (those to which a pointer was found) are not shown.
==226241== To see them, rerun with: --leak-check=full --show-leak-kinds=all
==226241== 
==226241== For lists of detected and suppressed errors, rerun with: -s
==226241== ERROR SUMMARY: 9 errors from 5 contexts (suppressed: 0 from 0)
==226242== 
==226242== HEAP SUMMARY:
==226242==     in use at exit: 210,560 bytes in 409 blocks
==226242==   total heap usage: 1,778 allocs, 1,369 frees, 16,446,628 bytes allocated
==226242== 
==226242== 2 bytes in 1 blocks are definitely lost in loss record 2 of 78
==226242==    at 0x483B7F3: malloc (in /usr/lib/x86_64-linux-gnu/valgrind/vgpreload_memcheck-amd64-linux.so)
==226242==    by 0x110394: ft_itoa (ft_itoa.c:44)
==226242==    by 0x109735: ft_body_envshl (main.c:56)
==226242==    by 0x109831: init_env (main.c:76)
==226242==    by 0x1098C2: main (main.c:100)
==226242== 
==226242== LEAK SUMMARY:
==226242==    definitely lost: 2 bytes in 1 blocks
==226242==    indirectly lost: 0 bytes in 0 blocks
==226242==      possibly lost: 0 bytes in 0 blocks
==226242==    still reachable: 210,558 bytes in 408 blocks
==226242==         suppressed: 0 bytes in 0 blocks
==226242== Reachable blocks (those to which a pointer was found) are not shown.
==226242== To see them, rerun with: --leak-check=full --show-leak-kinds=all
==226242== 
==226242== For lists of detected and suppressed errors, rerun with: -s
==226242== ERROR SUMMARY: 9 errors from 5 contexts (suppressed: 0 from 0)
==226243== 
==226243== HEAP SUMMARY:
==226243==     in use at exit: 210,560 bytes in 409 blocks
==226243==   total heap usage: 1,867 allocs, 1,458 frees, 17,890,662 bytes allocated
==226243== 
==226243== 2 bytes in 1 blocks are definitely lost in loss record 2 of 78
==226243==    at 0x483B7F3: malloc (in /usr/lib/x86_64-linux-gnu/valgrind/vgpreload_memcheck-amd64-linux.so)
==226243==    by 0x110394: ft_itoa (ft_itoa.c:44)
==226243==    by 0x109735: ft_body_envshl (main.c:56)
==226243==    by 0x109831: init_env (main.c:76)
==226243==    by 0x1098C2: main (main.c:100)
==226243== 
==226243== LEAK SUMMARY:
==226243==    definitely lost: 2 bytes in 1 blocks
==226243==    indirectly lost: 0 bytes in 0 blocks
==226243==      possibly lost: 0 bytes in 0 blocks
==226243==    still reachable: 210,558 bytes in 408 blocks
==226243==         suppressed: 0 bytes in 0 blocks
==226243== Reachable blocks (those to which a pointer was found) are not shown.
==226243== To see them, rerun with: --leak-check=full --show-leak-kinds=all
==226243== 
==226243== For lists of detected and suppressed errors, rerun with: -s
==226243== ERROR SUMMARY: 9 errors from 5 contexts (suppressed: 0 from 0)
==226244== 
==226244== HEAP SUMMARY:
==226244==     in use at exit: 210,560 bytes in 409 blocks
==226244==   total heap usage: 1,956 allocs, 1,547 frees, 19,334,696 bytes allocated
==226244== 
==226244== 2 bytes in 1 blocks are definitely lost in loss record 2 of 78
==226244==    at 0x483B7F3: malloc (in /usr/lib/x86_64-linux-gnu/valgrind/vgpreload_memcheck-amd64-linux.so)
==226244==    by 0x110394: ft_itoa (ft_itoa.c:44)
==226244==    by 0x109735: ft_body_envshl (main.c:56)
==226244==    by 0x109831: init_env (main.c:76)
==226244==    by 0x1098C2: main (main.c:100)
==226244== 
==226244== LEAK SUMMARY:
==226244==    definitely lost: 2 bytes in 1 blocks
==226244==    indirectly lost: 0 bytes in 0 blocks
==226244==      possibly lost: 0 bytes in 0 blocks
==226244==    still reachable: 210,558 bytes in 408 blocks
==226244==         suppressed: 0 bytes in 0 blocks
==226244== Reachable blocks (those to which a pointer was found) are not shown.
==226244== To see them, rerun with: --leak-check=full --show-leak-kinds=all
==226244== 
==226244== For lists of detected and suppressed errors, rerun with: -s
==226244== ERROR SUMMARY: 9 errors from 5 contexts (suppressed: 0 from 0)
==226245== 
==226245== HEAP SUMMARY:
==226245==     in use at exit: 210,560 bytes in 409 blocks
==226245==   total heap usage: 2,045 allocs, 1,636 frees, 20,778,730 bytes allocated
==226245== 
==226245== 2 bytes in 1 blocks are definitely lost in loss record 2 of 78
==226245==    at 0x483B7F3: malloc (in /usr/lib/x86_64-linux-gnu/valgrind/vgpreload_memcheck-amd64-linux.so)
==226245==    by 0x110394: ft_itoa (ft_itoa.c:44)
==226245==    by 0x109735: ft_body_envshl (main.c:56)
==226245==    by 0x109831: init_env (main.c:76)
==226245==    by 0x1098C2: main (main.c:100)
==226245== 
==226245== LEAK SUMMARY:
==226245==    definitely lost: 2 bytes in 1 blocks
==226245==    indirectly lost: 0 bytes in 0 blocks
==226245==      possibly lost: 0 bytes in 0 blocks
==226245==    still reachable: 210,558 bytes in 408 blocks
==226245==         suppressed: 0 bytes in 0 blocks
==226245== Reachable blocks (those to which a pointer was found) are not shown.
==226245== To see them, rerun with: --leak-check=full --show-leak-kinds=all
==226245== 
==226245== For lists of detected and suppressed errors, rerun with: -s
==226245== ERROR SUMMARY: 9 errors from 5 contexts (suppressed: 0 from 0)
==226010== Invalid read of size 1
==226010==    at 0x10B3E4: ft_check_specials (syntax_error.c:54)
==226010==    by 0x10B475: ft_check_syntax (syntax_error.c:77)
==226010==    by 0x109D5E: ft_readline (parse.c:96)
==226010==    by 0x1098D8: main (main.c:102)
==226010==  Address 0x4c55d8f is 1 bytes before a block of size 1 alloc'd
==226010==    at 0x483B7F3: malloc (in /usr/lib/x86_64-linux-gnu/valgrind/vgpreload_memcheck-amd64-linux.so)
==226010==    by 0x489A00C: xmalloc (in /usr/lib/x86_64-linux-gnu/libreadline.so.8.0)
==226010==    by 0x48732AB: readline_internal_teardown (in /usr/lib/x86_64-linux-gnu/libreadline.so.8.0)
==226010==    by 0x4874504: readline (in /usr/lib/x86_64-linux-gnu/libreadline.so.8.0)
==226010==    by 0x109CAE: setup_readline (parse.c:80)
==226010==    by 0x109E35: ft_readline (parse.c:94)
==226010==    by 0x1098D8: main (main.c:102)
==226010== 
==226531== 
==226531== HEAP SUMMARY:
==226531==     in use at exit: 210,674 bytes in 411 blocks
==226531==   total heap usage: 2,374 allocs, 1,963 frees, 23,244,111 bytes allocated
==226531== 
==226531== 2 bytes in 1 blocks are definitely lost in loss record 3 of 82
==226531==    at 0x483B7F3: malloc (in /usr/lib/x86_64-linux-gnu/valgrind/vgpreload_memcheck-amd64-linux.so)
==226531==    by 0x110394: ft_itoa (ft_itoa.c:44)
==226531==    by 0x109735: ft_body_envshl (main.c:56)
==226531==    by 0x109831: init_env (main.c:76)
==226531==    by 0x1098C2: main (main.c:100)
==226531== 
==226531== 24 bytes in 2 blocks are definitely lost in loss record 17 of 82
==226531==    at 0x483B7F3: malloc (in /usr/lib/x86_64-linux-gnu/valgrind/vgpreload_memcheck-amd64-linux.so)
==226531==    by 0x10FE56: ft_strjoin (ft_strjoin.c:25)
==226531==    by 0x10F0F5: check_dir (exeve_fct.c:34)
==226531==    by 0x10F319: ft_get_bin (exeve_fct.c:84)
==226531==    by 0x10EE2C: ft_body_multiple_cmds (multiple_cmds.c:50)
==226531==    by 0x10EFB8: ft_multiple_cmds (multiple_cmds.c:79)
==226531==    by 0x10E45E: ft_minishell (minishell.c:28)
==226531==    by 0x109E1D: ft_readline (parse.c:121)
==226531==    by 0x1098D8: main (main.c:102)
==226531== 
==226531== 50 bytes in 1 blocks are definitely lost in loss record 29 of 82
==226531==    at 0x483B7F3: malloc (in /usr/lib/x86_64-linux-gnu/valgrind/vgpreload_memcheck-amd64-linux.so)
==226531==    by 0x489A00C: xmalloc (in /usr/lib/x86_64-linux-gnu/libreadline.so.8.0)
==226531==    by 0x48732AB: readline_internal_teardown (in /usr/lib/x86_64-linux-gnu/libreadline.so.8.0)
==226531==    by 0x4874504: readline (in /usr/lib/x86_64-linux-gnu/libreadline.so.8.0)
==226531==    by 0x109CAE: setup_readline (parse.c:80)
==226531==    by 0x109E35: ft_readline (parse.c:94)
==226531==    by 0x1098D8: main (main.c:102)
==226531== 
==226531== LEAK SUMMARY:
==226531==    definitely lost: 76 bytes in 4 blocks
==226531==    indirectly lost: 0 bytes in 0 blocks
==226531==      possibly lost: 0 bytes in 0 blocks
==226531==    still reachable: 210,598 bytes in 407 blocks
==226531==         suppressed: 0 bytes in 0 blocks
==226531== Reachable blocks (those to which a pointer was found) are not shown.
==226531== To see them, rerun with: --leak-check=full --show-leak-kinds=all
==226531== 
==226531== For lists of detected and suppressed errors, rerun with: -s
==226531== ERROR SUMMARY: 20 errors from 8 contexts (suppressed: 0 from 0)
==226532== 
==226532== HEAP SUMMARY:
==226532==     in use at exit: 210,697 bytes in 420 blocks
==226532==   total heap usage: 2,546 allocs, 2,126 frees, 24,688,401 bytes allocated
==226532== 
==226532== 2 bytes in 1 blocks are definitely lost in loss record 3 of 84
==226532==    at 0x483B7F3: malloc (in /usr/lib/x86_64-linux-gnu/valgrind/vgpreload_memcheck-amd64-linux.so)
==226532==    by 0x110394: ft_itoa (ft_itoa.c:44)
==226532==    by 0x109735: ft_body_envshl (main.c:56)
==226532==    by 0x109831: init_env (main.c:76)
==226532==    by 0x1098C2: main (main.c:100)
==226532== 
==226532== 4 bytes in 2 blocks are definitely lost in loss record 5 of 84
==226532==    at 0x483B7F3: malloc (in /usr/lib/x86_64-linux-gnu/valgrind/vgpreload_memcheck-amd64-linux.so)
==226532==    by 0x111C33: ft_strjoin2 (get_next_line_utils.c:35)
==226532==    by 0x111A0F: ft_read (get_next_line.c:45)
==226532==    by 0x111B65: get_next_line (get_next_line.c:87)
==226532==    by 0x10BD12: ft_create_herdoc_file (herdoc_utiles.c:92)
==226532==    by 0x10B9CA: ft_herdoc (herdoc.c:38)
==226532==    by 0x109DEF: ft_readline (parse.c:115)
==226532==    by 0x1098D8: main (main.c:102)
==226532== 
==226532== 19 bytes in 7 blocks are definitely lost in loss record 16 of 84
==226532==    at 0x483B7F3: malloc (in /usr/lib/x86_64-linux-gnu/valgrind/vgpreload_memcheck-amd64-linux.so)
==226532==    by 0x111C33: ft_strjoin2 (get_next_line_utils.c:35)
==226532==    by 0x111A0F: ft_read (get_next_line.c:45)
==226532==    by 0x111B65: get_next_line (get_next_line.c:87)
==226532==    by 0x10BC7C: ft_create_herdoc_file (herdoc_utiles.c:83)
==226532==    by 0x10B9CA: ft_herdoc (herdoc.c:38)
==226532==    by 0x109DEF: ft_readline (parse.c:115)
==226532==    by 0x1098D8: main (main.c:102)
==226532== 
==226532== 24 bytes in 2 blocks are definitely lost in loss record 19 of 84
==226532==    at 0x483B7F3: malloc (in /usr/lib/x86_64-linux-gnu/valgrind/vgpreload_memcheck-amd64-linux.so)
==226532==    by 0x10FE56: ft_strjoin (ft_strjoin.c:25)
==226532==    by 0x10F0F5: check_dir (exeve_fct.c:34)
==226532==    by 0x10F319: ft_get_bin (exeve_fct.c:84)
==226532==    by 0x10EE2C: ft_body_multiple_cmds (multiple_cmds.c:50)
==226532==    by 0x10EFB8: ft_multiple_cmds (multiple_cmds.c:79)
==226532==    by 0x10E45E: ft_minishell (minishell.c:28)
==226532==    by 0x109E1D: ft_readline (parse.c:121)
==226532==    by 0x1098D8: main (main.c:102)
==226532== 
==226532== 50 bytes in 1 blocks are definitely lost in loss record 31 of 84
==226532==    at 0x483B7F3: malloc (in /usr/lib/x86_64-linux-gnu/valgrind/vgpreload_memcheck-amd64-linux.so)
==226532==    by 0x489A00C: xmalloc (in /usr/lib/x86_64-linux-gnu/libreadline.so.8.0)
==226532==    by 0x48732AB: readline_internal_teardown (in /usr/lib/x86_64-linux-gnu/libreadline.so.8.0)
==226532==    by 0x4874504: readline (in /usr/lib/x86_64-linux-gnu/libreadline.so.8.0)
==226532==    by 0x109CAE: setup_readline (parse.c:80)
==226532==    by 0x109E35: ft_readline (parse.c:94)
==226532==    by 0x1098D8: main (main.c:102)
==226532== 
==226532== LEAK SUMMARY:
==226532==    definitely lost: 99 bytes in 13 blocks
==226532==    indirectly lost: 0 bytes in 0 blocks
==226532==      possibly lost: 0 bytes in 0 blocks
==226532==    still reachable: 210,598 bytes in 407 blocks
==226532==         suppressed: 0 bytes in 0 blocks
==226532== Reachable blocks (those to which a pointer was found) are not shown.
==226532== To see them, rerun with: --leak-check=full --show-leak-kinds=all
==226532== 
==226532== For lists of detected and suppressed errors, rerun with: -s
==226532== ERROR SUMMARY: 22 errors from 10 contexts (suppressed: 0 from 0)
==226586== 
==226586== HEAP SUMMARY:
==226586==     in use at exit: 210,676 bytes in 411 blocks
==226586==   total heap usage: 2,555 allocs, 2,144 frees, 26,165,006 bytes allocated
==226586== 
==226586== 2 bytes in 1 blocks are definitely lost in loss record 3 of 83
==226586==    at 0x483B7F3: malloc (in /usr/lib/x86_64-linux-gnu/valgrind/vgpreload_memcheck-amd64-linux.so)
==226586==    by 0x110394: ft_itoa (ft_itoa.c:44)
==226586==    by 0x109735: ft_body_envshl (main.c:56)
==226586==    by 0x109831: init_env (main.c:76)
==226586==    by 0x1098C2: main (main.c:100)
==226586== 
==226586== 24 bytes in 2 blocks are definitely lost in loss record 18 of 83
==226586==    at 0x483B7F3: malloc (in /usr/lib/x86_64-linux-gnu/valgrind/vgpreload_memcheck-amd64-linux.so)
==226586==    by 0x10FE56: ft_strjoin (ft_strjoin.c:25)
==226586==    by 0x10F0F5: check_dir (exeve_fct.c:34)
==226586==    by 0x10F319: ft_get_bin (exeve_fct.c:84)
==226586==    by 0x10EE2C: ft_body_multiple_cmds (multiple_cmds.c:50)
==226586==    by 0x10EFB8: ft_multiple_cmds (multiple_cmds.c:79)
==226586==    by 0x10E45E: ft_minishell (minishell.c:28)
==226586==    by 0x109E1D: ft_readline (parse.c:121)
==226586==    by 0x1098D8: main (main.c:102)
==226586== 
==226586== 50 bytes in 1 blocks are definitely lost in loss record 30 of 83
==226586==    at 0x483B7F3: malloc (in /usr/lib/x86_64-linux-gnu/valgrind/vgpreload_memcheck-amd64-linux.so)
==226586==    by 0x489A00C: xmalloc (in /usr/lib/x86_64-linux-gnu/libreadline.so.8.0)
==226586==    by 0x48732AB: readline_internal_teardown (in /usr/lib/x86_64-linux-gnu/libreadline.so.8.0)
==226586==    by 0x4874504: readline (in /usr/lib/x86_64-linux-gnu/libreadline.so.8.0)
==226586==    by 0x109CAE: setup_readline (parse.c:80)
==226586==    by 0x109E35: ft_readline (parse.c:94)
==226586==    by 0x1098D8: main (main.c:102)
==226586== 
==226586== LEAK SUMMARY:
==226586==    definitely lost: 76 bytes in 4 blocks
==226586==    indirectly lost: 0 bytes in 0 blocks
==226586==      possibly lost: 0 bytes in 0 blocks
==226586==    still reachable: 210,600 bytes in 407 blocks
==226586==         suppressed: 0 bytes in 0 blocks
==226586== Reachable blocks (those to which a pointer was found) are not shown.
==226586== To see them, rerun with: --leak-check=full --show-leak-kinds=all
==226586== 
==226586== For lists of detected and suppressed errors, rerun with: -s
==226586== ERROR SUMMARY: 20 errors from 8 contexts (suppressed: 0 from 0)
==226587== 
==226587== HEAP SUMMARY:
==226587==     in use at exit: 210,676 bytes in 411 blocks
==226587==   total heap usage: 2,646 allocs, 2,235 frees, 27,641,859 bytes allocated
==226587== 
==226587== 2 bytes in 1 blocks are definitely lost in loss record 3 of 83
==226587==    at 0x483B7F3: malloc (in /usr/lib/x86_64-linux-gnu/valgrind/vgpreload_memcheck-amd64-linux.so)
==226587==    by 0x110394: ft_itoa (ft_itoa.c:44)
==226587==    by 0x109735: ft_body_envshl (main.c:56)
==226587==    by 0x109831: init_env (main.c:76)
==226587==    by 0x1098C2: main (main.c:100)
==226587== 
==226587== 24 bytes in 2 blocks are definitely lost in loss record 18 of 83
==226587==    at 0x483B7F3: malloc (in /usr/lib/x86_64-linux-gnu/valgrind/vgpreload_memcheck-amd64-linux.so)
==226587==    by 0x10FE56: ft_strjoin (ft_strjoin.c:25)
==226587==    by 0x10F0F5: check_dir (exeve_fct.c:34)
==226587==    by 0x10F319: ft_get_bin (exeve_fct.c:84)
==226587==    by 0x10EE2C: ft_body_multiple_cmds (multiple_cmds.c:50)
==226587==    by 0x10EFB8: ft_multiple_cmds (multiple_cmds.c:79)
==226587==    by 0x10E45E: ft_minishell (minishell.c:28)
==226587==    by 0x109E1D: ft_readline (parse.c:121)
==226587==    by 0x1098D8: main (main.c:102)
==226587== 
==226587== 50 bytes in 1 blocks are definitely lost in loss record 30 of 83
==226587==    at 0x483B7F3: malloc (in /usr/lib/x86_64-linux-gnu/valgrind/vgpreload_memcheck-amd64-linux.so)
==226587==    by 0x489A00C: xmalloc (in /usr/lib/x86_64-linux-gnu/libreadline.so.8.0)
==226587==    by 0x48732AB: readline_internal_teardown (in /usr/lib/x86_64-linux-gnu/libreadline.so.8.0)
==226587==    by 0x4874504: readline (in /usr/lib/x86_64-linux-gnu/libreadline.so.8.0)
==226587==    by 0x109CAE: setup_readline (parse.c:80)
==226587==    by 0x109E35: ft_readline (parse.c:94)
==226587==    by 0x1098D8: main (main.c:102)
==226587== 
==226587== LEAK SUMMARY:
==226587==    definitely lost: 76 bytes in 4 blocks
==226587==    indirectly lost: 0 bytes in 0 blocks
==226587==      possibly lost: 0 bytes in 0 blocks
==226587==    still reachable: 210,600 bytes in 407 blocks
==226587==         suppressed: 0 bytes in 0 blocks
==226587== Reachable blocks (those to which a pointer was found) are not shown.
==226587== To see them, rerun with: --leak-check=full --show-leak-kinds=all
==226587== 
==226587== For lists of detected and suppressed errors, rerun with: -s
==226587== ERROR SUMMARY: 20 errors from 8 contexts (suppressed: 0 from 0)
==226588== 
==226588== HEAP SUMMARY:
==226588==     in use at exit: 210,676 bytes in 411 blocks
==226588==   total heap usage: 2,737 allocs, 2,326 frees, 29,118,712 bytes allocated
==226588== 
==226588== 2 bytes in 1 blocks are definitely lost in loss record 3 of 83
==226588==    at 0x483B7F3: malloc (in /usr/lib/x86_64-linux-gnu/valgrind/vgpreload_memcheck-amd64-linux.so)
==226588==    by 0x110394: ft_itoa (ft_itoa.c:44)
==226588==    by 0x109735: ft_body_envshl (main.c:56)
==226588==    by 0x109831: init_env (main.c:76)
==226588==    by 0x1098C2: main (main.c:100)
==226588== 
==226588== 24 bytes in 2 blocks are definitely lost in loss record 18 of 83
==226588==    at 0x483B7F3: malloc (in /usr/lib/x86_64-linux-gnu/valgrind/vgpreload_memcheck-amd64-linux.so)
==226588==    by 0x10FE56: ft_strjoin (ft_strjoin.c:25)
==226588==    by 0x10F0F5: check_dir (exeve_fct.c:34)
==226588==    by 0x10F319: ft_get_bin (exeve_fct.c:84)
==226588==    by 0x10EE2C: ft_body_multiple_cmds (multiple_cmds.c:50)
==226588==    by 0x10EFB8: ft_multiple_cmds (multiple_cmds.c:79)
==226588==    by 0x10E45E: ft_minishell (minishell.c:28)
==226588==    by 0x109E1D: ft_readline (parse.c:121)
==226588==    by 0x1098D8: main (main.c:102)
==226588== 
==226588== 50 bytes in 1 blocks are definitely lost in loss record 30 of 83
==226588==    at 0x483B7F3: malloc (in /usr/lib/x86_64-linux-gnu/valgrind/vgpreload_memcheck-amd64-linux.so)
==226588==    by 0x489A00C: xmalloc (in /usr/lib/x86_64-linux-gnu/libreadline.so.8.0)
==226588==    by 0x48732AB: readline_internal_teardown (in /usr/lib/x86_64-linux-gnu/libreadline.so.8.0)
==226588==    by 0x4874504: readline (in /usr/lib/x86_64-linux-gnu/libreadline.so.8.0)
==226588==    by 0x109CAE: setup_readline (parse.c:80)
==226588==    by 0x109E35: ft_readline (parse.c:94)
==226588==    by 0x1098D8: main (main.c:102)
==226588== 
==226588== LEAK SUMMARY:
==226588==    definitely lost: 76 bytes in 4 blocks
==226588==    indirectly lost: 0 bytes in 0 blocks
==226588==      possibly lost: 0 bytes in 0 blocks
==226588==    still reachable: 210,600 bytes in 407 blocks
==226588==         suppressed: 0 bytes in 0 blocks
==226588== Reachable blocks (those to which a pointer was found) are not shown.
==226588== To see them, rerun with: --leak-check=full --show-leak-kinds=all
==226588== 
==226588== For lists of detected and suppressed errors, rerun with: -s
==226588== ERROR SUMMARY: 20 errors from 8 contexts (suppressed: 0 from 0)
==226589== 
==226589== HEAP SUMMARY:
==226589==     in use at exit: 210,676 bytes in 411 blocks
==226589==   total heap usage: 2,828 allocs, 2,417 frees, 30,595,565 bytes allocated
==226589== 
==226589== 2 bytes in 1 blocks are definitely lost in loss record 3 of 83
==226589==    at 0x483B7F3: malloc (in /usr/lib/x86_64-linux-gnu/valgrind/vgpreload_memcheck-amd64-linux.so)
==226589==    by 0x110394: ft_itoa (ft_itoa.c:44)
==226589==    by 0x109735: ft_body_envshl (main.c:56)
==226589==    by 0x109831: init_env (main.c:76)
==226589==    by 0x1098C2: main (main.c:100)
==226589== 
==226589== 24 bytes in 2 blocks are definitely lost in loss record 18 of 83
==226589==    at 0x483B7F3: malloc (in /usr/lib/x86_64-linux-gnu/valgrind/vgpreload_memcheck-amd64-linux.so)
==226589==    by 0x10FE56: ft_strjoin (ft_strjoin.c:25)
==226589==    by 0x10F0F5: check_dir (exeve_fct.c:34)
==226589==    by 0x10F319: ft_get_bin (exeve_fct.c:84)
==226589==    by 0x10EE2C: ft_body_multiple_cmds (multiple_cmds.c:50)
==226589==    by 0x10EFB8: ft_multiple_cmds (multiple_cmds.c:79)
==226589==    by 0x10E45E: ft_minishell (minishell.c:28)
==226589==    by 0x109E1D: ft_readline (parse.c:121)
==226589==    by 0x1098D8: main (main.c:102)
==226589== 
==226589== 50 bytes in 1 blocks are definitely lost in loss record 30 of 83
==226589==    at 0x483B7F3: malloc (in /usr/lib/x86_64-linux-gnu/valgrind/vgpreload_memcheck-amd64-linux.so)
==226589==    by 0x489A00C: xmalloc (in /usr/lib/x86_64-linux-gnu/libreadline.so.8.0)
==226589==    by 0x48732AB: readline_internal_teardown (in /usr/lib/x86_64-linux-gnu/libreadline.so.8.0)
==226589==    by 0x4874504: readline (in /usr/lib/x86_64-linux-gnu/libreadline.so.8.0)
==226589==    by 0x109CAE: setup_readline (parse.c:80)
==226589==    by 0x109E35: ft_readline (parse.c:94)
==226589==    by 0x1098D8: main (main.c:102)
==226589== 
==226589== LEAK SUMMARY:
==226589==    definitely lost: 76 bytes in 4 blocks
==226589==    indirectly lost: 0 bytes in 0 blocks
==226589==      possibly lost: 0 bytes in 0 blocks
==226589==    still reachable: 210,600 bytes in 407 blocks
==226589==         suppressed: 0 bytes in 0 blocks
==226589== Reachable blocks (those to which a pointer was found) are not shown.
==226589== To see them, rerun with: --leak-check=full --show-leak-kinds=all
==226589== 
==226589== For lists of detected and suppressed errors, rerun with: -s
==226589== ERROR SUMMARY: 20 errors from 8 contexts (suppressed: 0 from 0)
==226590== Warning: invalid file descriptor -1 in syscall close()
==226677== 
==226677== HEAP SUMMARY:
==226677==     in use at exit: 210,795 bytes in 417 blocks
==226677==   total heap usage: 3,038 allocs, 2,621 frees, 32,566,558 bytes allocated
==226677== 
==226677== 2 bytes in 1 blocks are definitely lost in loss record 3 of 82
==226677==    at 0x483B7F3: malloc (in /usr/lib/x86_64-linux-gnu/valgrind/vgpreload_memcheck-amd64-linux.so)
==226677==    by 0x110394: ft_itoa (ft_itoa.c:44)
==226677==    by 0x109735: ft_body_envshl (main.c:56)
==226677==    by 0x109831: init_env (main.c:76)
==226677==    by 0x1098C2: main (main.c:100)
==226677== 
==226677== 50 bytes in 1 blocks are definitely lost in loss record 27 of 82
==226677==    at 0x483B7F3: malloc (in /usr/lib/x86_64-linux-gnu/valgrind/vgpreload_memcheck-amd64-linux.so)
==226677==    by 0x489A00C: xmalloc (in /usr/lib/x86_64-linux-gnu/libreadline.so.8.0)
==226677==    by 0x48732AB: readline_internal_teardown (in /usr/lib/x86_64-linux-gnu/libreadline.so.8.0)
==226677==    by 0x4874504: readline (in /usr/lib/x86_64-linux-gnu/libreadline.so.8.0)
==226677==    by 0x109CAE: setup_readline (parse.c:80)
==226677==    by 0x109E35: ft_readline (parse.c:94)
==226677==    by 0x1098D8: main (main.c:102)
==226677== 
==226677== 61 bytes in 5 blocks are definitely lost in loss record 31 of 82
==226677==    at 0x483B7F3: malloc (in /usr/lib/x86_64-linux-gnu/valgrind/vgpreload_memcheck-amd64-linux.so)
==226677==    by 0x10FE56: ft_strjoin (ft_strjoin.c:25)
==226677==    by 0x10F0F5: check_dir (exeve_fct.c:34)
==226677==    by 0x10F319: ft_get_bin (exeve_fct.c:84)
==226677==    by 0x10EE2C: ft_body_multiple_cmds (multiple_cmds.c:50)
==226677==    by 0x10EFB8: ft_multiple_cmds (multiple_cmds.c:79)
==226677==    by 0x10E45E: ft_minishell (minishell.c:28)
==226677==    by 0x109E1D: ft_readline (parse.c:121)
==226677==    by 0x1098D8: main (main.c:102)
==226677== 
==226677== LEAK SUMMARY:
==226677==    definitely lost: 113 bytes in 7 blocks
==226677==    indirectly lost: 0 bytes in 0 blocks
==226677==      possibly lost: 0 bytes in 0 blocks
==226677==    still reachable: 210,682 bytes in 410 blocks
==226677==         suppressed: 0 bytes in 0 blocks
==226677== Reachable blocks (those to which a pointer was found) are not shown.
==226677== To see them, rerun with: --leak-check=full --show-leak-kinds=all
==226677== 
==226677== For lists of detected and suppressed errors, rerun with: -s
==226677== ERROR SUMMARY: 28 errors from 8 contexts (suppressed: 0 from 0)
==226010== 
==226010== HEAP SUMMARY:
==226010==     in use at exit: 205,211 bytes in 243 blocks
==226010==   total heap usage: 3,133 allocs, 2,890 frees, 34,043,515 bytes allocated
==226010== 
==226010== 2 bytes in 1 blocks are definitely lost in loss record 2 of 67
==226010==    at 0x483B7F3: malloc (in /usr/lib/x86_64-linux-gnu/valgrind/vgpreload_memcheck-amd64-linux.so)
==226010==    by 0x110394: ft_itoa (ft_itoa.c:44)
==226010==    by 0x109735: ft_body_envshl (main.c:56)
==226010==    by 0x109831: init_env (main.c:76)
==226010==    by 0x1098C2: main (main.c:100)
==226010== 
==226010== 50 bytes in 1 blocks are definitely lost in loss record 18 of 67
==226010==    at 0x483B7F3: malloc (in /usr/lib/x86_64-linux-gnu/valgrind/vgpreload_memcheck-amd64-linux.so)
==226010==    by 0x489A00C: xmalloc (in /usr/lib/x86_64-linux-gnu/libreadline.so.8.0)
==226010==    by 0x48732AB: readline_internal_teardown (in /usr/lib/x86_64-linux-gnu/libreadline.so.8.0)
==226010==    by 0x4874504: readline (in /usr/lib/x86_64-linux-gnu/libreadline.so.8.0)
==226010==    by 0x109CAE: setup_readline (parse.c:80)
==226010==    by 0x109E35: ft_readline (parse.c:94)
==226010==    by 0x1098D8: main (main.c:102)
==226010== 
==226010== 61 bytes in 5 blocks are definitely lost in loss record 21 of 67
==226010==    at 0x483B7F3: malloc (in /usr/lib/x86_64-linux-gnu/valgrind/vgpreload_memcheck-amd64-linux.so)
==226010==    by 0x10FE56: ft_strjoin (ft_strjoin.c:25)
==226010==    by 0x10F0F5: check_dir (exeve_fct.c:34)
==226010==    by 0x10F319: ft_get_bin (exeve_fct.c:84)
==226010==    by 0x10EE2C: ft_body_multiple_cmds (multiple_cmds.c:50)
==226010==    by 0x10EFB8: ft_multiple_cmds (multiple_cmds.c:79)
==226010==    by 0x10E45E: ft_minishell (minishell.c:28)
==226010==    by 0x109E1D: ft_readline (parse.c:121)
==226010==    by 0x1098D8: main (main.c:102)
==226010== 
==226010== LEAK SUMMARY:
==226010==    definitely lost: 113 bytes in 7 blocks
==226010==    indirectly lost: 0 bytes in 0 blocks
==226010==      possibly lost: 0 bytes in 0 blocks
==226010==    still reachable: 205,098 bytes in 236 blocks
==226010==         suppressed: 0 bytes in 0 blocks
==226010== Reachable blocks (those to which a pointer was found) are not shown.
==226010== To see them, rerun with: --leak-check=full --show-leak-kinds=all
==226010== 
==226010== For lists of detected and suppressed errors, rerun with: -s
==226010== ERROR SUMMARY: 28 errors from 8 contexts (suppressed: 0 from 0)
